---
source: crates/graphcal-project/tests/error_snapshots.rs
expression: rendered
---
dimension mismatch: expected Velocity, found Length
    Diagnostic severity: error
Begin snippet for extern_array_dim_var_mismatch.gcl starting at line 10, column 1

snippet line 10: node b: Length[Maneuver] = { Maneuver#Departure: 1.0 km, Maneuver#Correction: 0.5 km, Maneuver#Insertion: 1.5 km };
snippet line 11: node bad: Velocity = demo::dot(@a, @b);
    label at line 11, columns 36 to 37: has dimension Length
diagnostic help: parameter `ys` must have the same dimension as `xs`
diagnostic code: graphcal::D001
