---
source: crates/graphcal-dag/src/lib.rs
expression: render(&g)
---
 param dry_mass     param fuel_mass    const node g0    param isp
        │                  │                 │              │
        └──────────────┬───┴──────────────┬──┴──────────────┘
                       │                  │
                node mass_ratio    node v_exhaust
                       │                  │
                       └────────┬─────────┘
                                │
                          node delta_v
