---
source: crates/graphcal-fmt/tests/format_tests.rs
expression: formatted
---
// hohmann.gcl -- Hohmann transfer orbit with structs and DAG
dim Velocity = Length / Time;
dim GravParam = Length^3 / Time^2;

type TransferResult {
    dv1: Velocity,
    dv2: Velocity,
    total_dv: Velocity,
    tof: Time,
}

const node R_EARTH: Length = 6371.0 km;
const node GM_EARTH: GravParam = 3.986004418e5 km^3/s^2;

param parking_alt: Length = 200.0 km;
param target_alt: Length = 35786.0 km;

dag hohmann_transfer {
import .. { TransferResult, R_EARTH, GM_EARTH };
    
    param parking_alt: Length;
    
    param target_alt: Length;
    
    node r1: Length = R_EARTH + @parking_alt;
    
    node r2: Length = R_EARTH + @target_alt;
    
    node a: Length = (@r1 + @r2) / 2.0;
    
    node v1: Velocity = sqrt(GM_EARTH / @r1);
    
    node v2: Velocity = sqrt(GM_EARTH / @r2);
    
    node dv1: Velocity = sqrt(2.0 * GM_EARTH * @r2 / (@r1 * (@r1 + @r2))) - @v1;
    
    node dv2: Velocity = @v2 - sqrt(2.0 * GM_EARTH * @r1 / (@r2 * (@r1 + @r2)));
    
    node result: TransferResult = TransferResult {
        dv1: @dv1,
        dv2: @dv2,
        total_dv: @dv1 + @dv2,
        tof: PI * sqrt(@a ^ 3.0 / GM_EARTH),
    };
}

include hohmann_transfer(parking_alt: @parking_alt, target_alt: @target_alt) { result as transfer };

node total_dv: Velocity = @transfer.total_dv;
node tof_hours: Time = @transfer.tof -> hour;
