---
source: crates/graphcal-fmt/tests/format_tests.rs
expression: formatted
---
// range_index.gcl -- Range index and unfold
dimension Frequency = Time^-1;

// A range index with time dimension
index TimeStep = linspace(0.0 s, 1.0 s, step: 0.5 s);

// Growth rate (1/s)
param rate: Frequency = 0.5 Hz;

// Initial value
param x0: Dimensionless = 1.0;

// Exponential growth: x(t+dt) = x(t) * (1 + rate * dt)
node x: Dimensionless[TimeStep] = unfold(@x0, |prev_t, t| @x[prev_t] * (1.0 + @rate * (t - prev_t)));
