---
source: crates/graphcal-fmt/tests/format_tests.rs
expression: formatted
---
// constants.gcl -- const cross-reference test with units
dimension Acceleration = Length / Time^2;
dimension Area = Length^2;

const node G0: Acceleration = 9.80665 m/s^2;
const node TWO_G0: Acceleration = 2.0 * G0;
const node HALF_PI: Dimensionless = PI / 2.0;
const node SQRT2: Dimensionless = sqrt(2.0);

param radius: Length = 100.0 m;
node circumference: Length = 2.0 * PI * @radius;
node area: Area = PI * @radius ^ 2.0;
