---
source: crates/graphcal-fmt/tests/format_tests.rs
expression: formatted
---
// main.gcl -- includes a DAG from another file
pub dim Velocity = Length / Time;

param speed: Velocity = 200.0 m/s;
include lib.double_speed(v: @speed).{ result as doubled, mach as mach_number };
node final_result: Velocity = @doubled;
node final_mach: Dimensionless = @mach_number;
