---
source: crates/graphcal-fmt/tests/format_tests.rs
expression: formatted
---
// shared/indexes.gcl -- Mission phase and subsystem indexes
pub index MissionPhase = {
    Launch,
    LeoParking,
    TransLunarInjection,
    TransLunarCoast,
    LunarOrbitInsertion,
    LunarOps,
    TransEarthInjection,
    TransEarthCoast,
    EarthReturn,
};

pub index Subsystem = {
    Propulsion,
    AttitudeControl,
    CommandAndData,
    Telecom,
    Thermal,
    Power,
    Structure,
    Payload,
};
