---
source: crates/graphcal-fmt/tests/format_tests.rs
assertion_line: 622
expression: formatted
---
// Unfold: exponential decay
// y(t) = y0 * exp(-k * t), discretized as y(t+dt) = y(t) * (1 - k * dt)
pub index Step = linspace(0.0 s, 1.0 s, step: 0.25 s);

param k: Frequency = 2.0 Hz;
param y0: Dimensionless = 10.0;

node y: Dimensionless[Step] = unfold(@y0, |prev_t, t| @y[prev_t] * (1.0 - @k * (t - prev_t)));
